// Jest Snapshot v1, https://goo.gl/fbAQLP

exports[`Component: AddExpensePage Should render AddExpensePage correctly 1`] = `
<ExpenseForm
  onSubmit={[Function]}
/>
`;
