// Jest Snapshot v1, https://goo.gl/fbAQLP

exports[`Component: EditExpensePage should render EditExpensePage correctly 1`] = `
<div>
  <ExpenseForm
    expenses={
      Object {
        "amount": 1090500,
        "createdAt": 345600000,
        "description": "rent",
        "id": "1",
        "note": "nice",
      }
    }
    onSubmit={[Function]}
  />
  <button
    onClick={[Function]}
  >
    remove
  </button>
</div>
`;
