// Jest Snapshot v1, https://goo.gl/fbAQLP

exports[`Component: ExpenseDashboardPage should render the ExpenseDashboardPage 1`] = `
<div>
  <Connect(ExpenseList) />
</div>
`;
