// Jest Snapshot v1, https://goo.gl/fbAQLP

exports[`Component: Header should render header component correctly 1`] = `
<header>
  <h1>
    Expensify
  </h1>
  <NavLink
    activeClassName="is-active"
    exact={true}
    to="/"
  >
    Dashboard
  </NavLink>
  <NavLink
    activeClassName="is-active"
    to="/create"
  >
    Create Expense
  </NavLink>
  <NavLink
    activeClassName="is-active"
    to="/help"
  >
    Help
  </NavLink>
  <NavLink
    activeClassName="is-active"
    to="/secret"
  >
    Secret page
  </NavLink>
</header>
`;
